Jï¿½ï¿½ï¿½ï¿½ End of partition table[0m
[0;32mI (91) espï¿½ESP-ROM:esp32s3-20210327
Build:Mar 27 2021
rst:0x1 (POWERON),boot:0x8 (SPI_FAST_FLASH_BOOT)
SPIWP:0xee
mode:DIO, clock div:1
load:0x3fce3810,len:0x178c
load:0x403c9700,len:0x4
load:0x403c9704,len:0xcbc
load:0x403cc700,len:0x2d9c
entry 0x403c9914
[0;32mI (27) boot: ESP-IDF v5.2.2 2nd stage bootloader[0m
[0;32mI (27) boot: compile time Jun 14 2024 17:38:47[0m
[0;32mI (27) boot: Multicore bootloader[0m
[0;32mI (30) boot: chip revision: v0.2[0m
[0;32mI (34) boot.esp32s3: Boot SPI Speed : 80MHz[0m
[0;32mI (38) boot.esp32s3: SPI Mode       : DIO[0m
[0;32mI (43) boot.esp32s3: SPI Flash Size : 2MB[0m
[0;32mI (48) boot: Enabling RNG early entropy source...[0m
[0;32mI (53) boot: Partition Table:[0m
[0;32mI (57) boot: ## Label            Usage          Type ST Offset   Length[0m
[0;32mI (64) boot:  0 nvs              WiFi data        01 02 00009000 00006000[0m
[0;32mI (72) boot:  1 phy_init         RF data          01 01 0000f000 00001000[0m
[0;32mI (79) boot:  2 factory          factory app      00 00 00010000 00100000[0m
[0;32mI (87) boot: End of partition table[0m
[0;32mI (91) esp_image: segment 0: paddr=00010020 vaddr=3c050020 size=11320h ( 70432) map[0m
[0;32mI (112) esp_image: segment 1: paddr=00021348 vaddr=3fc94000 size=03064h ( 12388) load[0m
[0;32mI (115) esp_image: segment 2: paddr=000243b4 vaddr=40374000 size=0bc64h ( 48228) load[0m
[0;32mI (128) esp_image: segment 3: paddr=00030020 vaddr=42000020 size=4c1dch (311772) map[0m
[0;32mI (185) esp_image: segment 4: paddr=0007c204 vaddr=4037fc64 size=0430ch ( 17164) load[0m
[0;32mI (195) boot: Loaded app from partition at offset 0x10000[0m
[0;32mI (195) boot: Disabling RNG early entropy source...[0m
[0;32mI (207) cpu_start: Multicore app[0m
[0;32mI (207) octal_psram: vendor id    : 0x0d (AP)[0m
[0;32mI (208) octal_psram: dev id       : 0x02 (generation 3)[0m
[0;32mI (210) octal_psram: density      : 0x03 (64 Mbit)[0m
[0;32mI (216) octal_psram: good-die     : 0x01 (Pass)[0m
[0;32mI (221) octal_psram: Latency      : 0x01 (Fixed)[0m
[0;32mI (226) octal_psram: VCC          : 0x01 (3V)[0m
[0;32mI (231) octal_psram: SRF          : 0x01 (Fast Refresh)[0m
[0;32mI (237) octal_psram: BurstType    : 0x01 (Hybrid Wrap)[0m
[0;32mI (243) octal_psram: BurstLen     : 0x01 (32 Byte)[0m
[0;32mI (249) octal_psram: Readlatency  : 0x02 (10 cycles@Fixed)[0m
[0;32mI (255) octal_psram: DriveStrength: 0x00 (1/1)[0m
[0;32mI (260) esp_psram: Found 8MB PSRAM device[0m
[0;32mI (265) esp_psram: Speed: 40MHz[0m
[0;32mI (1000) esp_psram: SPI SRAM memory test OK[0m
[0;32mI (1009) cpu_start: Pro cpu start user code[0m
[0;32mI (1009) cpu_start: cpu freq: 160000000 Hz[0m
[0;32mI (1009) cpu_start: Application information:[0m
[0;32mI (1012) cpu_start: Project name:     lcd_lvgl[0m
[0;32mI (1017) cpu_start: App version:      1[0m
[0;32mI (1022) cpu_start: Compile time:     Jun 14 2024 17:47:32[0m
[0;32mI (1028) cpu_start: ELF file SHA256:  37ad9b880...[0m
[0;32mI (1033) cpu_start: ESP-IDF:          v5.2.2[0m
[0;32mI (1038) cpu_start: Min chip rev:     v0.0[0m
[0;32mI (1043) cpu_start: Max chip rev:     v0.99 [0m
[0;32mI (1048) cpu_start: Chip rev:         v0.2[0m
[0;32mI (1053) heap_init: Initializing. RAM available for dynamic allocation:[0m
[0;32mI (1060) heap_init: At 3FCAA700 len 0003F010 (252 KiB): RAM[0m
[0;32mI (1066) heap_init: At 3FCE9710 len 00005724 (21 KiB): RAM[0m
[0;32mI (1072) heap_init: At 3FCF0000 len 00008000 (32 KiB): DRAM[0m
[0;32mI (1079) heap_init: At 600FE010 len 00001FD8 (7 KiB): RTCRAM[0m
[0;32mI (1085) esp_psram: Adding pool of 8192K of PSRAM memory to heap allocator[0m
[0;32mI (1094) spi_flash: detected chip: generic[0m
[0;32mI (1097) spi_flash: flash io: dio[0m
[0;33mW (1101) spi_flash: Detected size(4096k) larger than the size in the binary image header(2048k). Using the size in the binary image header.[0m
[0;32mI (1115) sleep: Configure to isolate all GPIO pins in sleep state[0m
[0;32mI (1122) sleep: Enable automatic switching of GPIO sleep configuration[0m
[0;32mI (1129) main_task: Started on CPU0[0m
[0;32mI (1139) esp_psram: Reserving pool of 32K of internal memory for DMA/internal allocations[0m
[0;32mI (1139) main_task: Calling app_main()[0m
[0;32mI (1149) example: Turn off LCD backlight[0m
[0;32mI (1149) gpio: GPIO[2]| InputEn: 0| OutputEn: 1| OpenDrain: 0| Pullup: 0| Pulldown: 0| Intr:0 [0m
[0;32mI (1159) example: Initialize RGB LCD panel[0m
[0;32mI (1209) example: Initialize RGB LCD panel[0m
Turn on LCD backlight[0;32mI (1209) example: Register event callbacks[0m
[0;32mI (1209) example: Initialize LVGL library[0m
[0;32mI (1219) example: Install LVGL tick timer[0m
[0;32mI (1219) example: Create LVGL task[0m
[0;32mI (1219) example: Starting LVGL task[0m
inside lvgl_task while 1
Guru Meditation Error: Core  0 panic'ed (InstrFetchProhibited). Exception was unhandled.

Core  0 register dump:
PC      : 0x00000320  PS      : 0x00060530  A0      : 0x82008cc3  A1      : 0x3fcbb270  
A2      : 0x3fcadd10  A3      : 0x00000000  A4      : 0x00000000  A5      : 0x00000320  
A6      : 0x00000030  A7      : 0x3fc97748  A8      : 0x82009155  A9      : 0x00000033  
A10     : 0x3fcadd10  A11     : 0x00000000  A12     : 0x00000000  A13     : 0x00000320  
A14     : 0x00000030  A15     : 0x3fc97748  SAR     : 0x00000019  EXCCAUSE: 0x00000014  
EXCVADDR: 0x00000320  LBEG    : 0x400570e8  LEND    : 0x400570f3  LCOUNT  : 0x00000000  


Backtrace: 0x0000031d:0x3fcbb270 0x42008cc0:0x3fcbb2a0 0x420224fc:0x3fcbb2c0 0x42022905:0x3fcbb2f0 0x420230b9:0x3fcbb310 0x4202320f:0x3fcbb340 0x4202330d:0x3fcbb380 0x420234b7:0x3fcbb3a0 0x4200d2fd:0x3fcbb3c0 0x4200d3a7:0x3fcbb3e0 0x42008d52:0x3fcbb400 0x4037bc5d:0x3fcbb420




ELF file SHA256: 37ad9b880

Rebooting...
ESP-ROM:esp32s3-20210327
Build:Mar 27 2021
rst:0xc (RTC_SW_CPU_RST),boot:0x8 (SPI_FAST_FLASH_BOOT)
Saved PC:0x40375a74
ESP-ROM:esp32s3-20210327
Build:Mar 27 2021
rst:0x10 (RTCWDT_RTC_RST),boot:0x8 (SPI_FAST_FLASH_BOOT)
SPIWP:0xee
mode:DIO, clock div:1
load:0x3fce3810,len:0x178c
load:0x403c9700,len:0x4
load:0x403c9704,len:0xcbc
load:0x403cc700,len:0x2d9c
entry 0x403c9914
[0;32mI (27) boot: ESP-IDF v5.2.2 2nd stage bootloader[0m
[0;32mI (27) boot: compile time Jun 14 2024 17:38:47[0m
[0;32mI (28) boot: Multicore bootloader[0m
[0;32mI (31) boot: chip revision: v0.2[0m
[0;32mI (34) boot.esp32s3: Boot SPI Speed : 80MHz[0m
[0;32mI (39) boot.esp32s3: SPI Mode       : DIO[0m
[0;32mI (44) boot.esp32s3: SPI Flash Size : 2MB[0m
[0;32mI (49) boot: Enabling RNG early entropy source...[0m
[0;32mI (54) boot: Partition Table:[0m
[0;32mI (58) boot: ## Label            Usage          Type ST Offset   Length[0m
[0;32mI (65) boot:  0 nvs              WiFi data        01 02 00009000 00006000[0m
[0;32mI (72) boot:  1 phy_init         RF data          01 01 0000f000 00001000[0m
[0;32mI (80) boot:  2 factory          factory app      00 00 00010000 00100000[0m
[0;32mI (87) boot: End of partition table[0m
[0;32mI (91) esp_image: segment 0: paddr=00010020 vaddr=3c050020 size=11320h ( 70432) map[0m
[0;32mI (113) esp_image: segment 1: paddr=00021348 vaddr=3fc94000 size=03064h ( 12388) load[0m
[0;32mI (115) esp_image: segment 2: paddr=000243b4 vaddr=40374000 size=0bc64h ( 48228) load[0m
[0;32mI (129) esp_image: segment 3: paddr=00030020 vaddr=42000020 size=4c1dch (311772) map[0m
[0;32mI (185) esp_image: segment 4: paddr=0007c204 vaddr=4037fc64 size=0430ch ( 17164) load[0m
[0;32mI (196) boot: Loaded app from partition at offset 0x10000[0m
[0;32mI (196) boot: Disabling RNG early entropy source...[0m
[0;32mI (208) cpu_start: Multicore app[0m
[0;32mI (208) octal_psram: vendor id    : 0x0d (AP)[0m
[0;32mI (208) octal_psram: dev id       : 0x02 (generation 3)[0m
[0;32mI (211) octal_psram: density      : 0x03 (64 Mbit)[0m
[0;32mI (217) octal_psram: good-die     : 0x01 (Pass)[0m
[0;32mI (222) octal_psram: Latency      : 0x01 (Fixed)[0m
[0;32mI (227) octal_psram: VCC          : 0x01 (3V)[0m
[0;32mI (232) octal_psram: SRF          : 0x01 (Fast Refresh)[0m
[0;32mI (238) octal_psram: BurstType    : 0x01 (Hybrid Wrap)[0m
[0;32mI (244) octal_psram: BurstLen     : 0x01 (32 Byte)[0m
[0;32mI (249) octal_psram: Readlatency  : 0x02 (10 cycles@Fixed)[0m
[0;32mI (256) octal_psram: DriveStrength: 0x00 (1/1)[0m
[0;32mI (261) esp_psram: Found 8MB PSRAM device[0m
[0;32mI (265) esp_psram: Speed: 40MHz[0m
[0;32mI (1000) esp_psram: SPI SRAM memory test OK[0m
[0;32mI (1009) cpu_start: Pro cpu start user code[0m
[0;32mI (1009) cpu_start: cpu freq: 160000000 Hz[0m
[0;32mI (1010) cpu_start: Application information:[0m
[0;32mI (1013) cpu_start: Project name:     lcd_lvgl[0m
[0;32mI (1018) cpu_start: App version:      1[0m
[0;32mI (1022) cpu_start: Compile time:     Jun 14 2024 17:47:32[0m
[0;32mI (1029) cpu_start: ELF file SHA256:  37ad9b880...[0m
[0;32mI (1034) cpu_start: ESP-IDF:          v5.2.2[0m
[0;32mI (1039) cpu_start: Min chip rev:     v0.0[0m
[0;32mI (1044) cpu_start: Max chip rev:     v0.99 [0m
[0;32mI (1049) cpu_start: Chip rev:         v0.2[0m
[0;32mI (1054) heap_init: Initializing. RAM available for dynamic allocation:[0m
[0;32mI (1061) heap_init: At 3FCAA700 len 0003F010 (252 KiB): RAM[0m
[0;32mI (1067) heap_init: At 3FCE9710 len 00005724 (21 KiB): RAM[0m
[0;32mI (1073) heap_init: At 3FCF0000 len 00008000 (32 KiB): DRAM[0m
[0;32mI (1079) heap_init: At 600FE010 len 00001FD8 (7 KiB): RTCRAM[0m
[0;32mI (1086) esp_psram: Adding pool of 8192K of PSRAM memory to heap allocator[0m
[0;32mI (1094) spi_flash: detected chip: generic[0m
[0;32mI (1098) spi_flash: flash io: dio[0m
[0;33mW (1102) spi_flash: Detected size(4096k) larger than the size in the binary image header(2048k). Using the size in the binary image header.[0m
[0;32mI (1115) sleep: Configure to isolate all GPIO pins in sleep state[0m
[0;32mI (1122) sleep: Enable automatic switching of GPIO sleep configuration[0m
[0;32mI (1130) main_task: Started on CPU0[0m
[0;32mI (1140) esp_psram: Reserving pool of 32K of internal memory for DMA/internal allocations[0m
[0;32mI (1140) main_task: Calling app_main()[0m
[0;32mI (1150) example: Turn off LCD backlight[0m
[0;32mI (1150) gpio: GPIO[2]| InputEn: 0| OutputEn: 1| OpenDrain: 0| Pullup: 0| Pulldown: 0| Intr:0 [0m
[0;32mI (1160) example: Initialize RGB LCD panel[0m
[0;32mI (1210) example: Initialize RGB LCD panel[0m
Turn on LCD backlight[0;32mI (1210) example: Register event callbacks[0m
[0;32mI (1210) example: Initialize LVGL library[0m
[0;32mI (1220) example: Install LVGL tick timer[0m
[0;32mI (1220) example: Create LVGL task[0m
[0;32mI (1220) example: Starting LVGL task[0m
inside lvgl_task while 1
Guru Meditation Error: Core  0 panic'ed (InstrFetchProhibited). Exception was unhandled.

Core  0 register dump:
PC      : 0x00000320  PS      : 0x00060530  A0      : 0x82008cc3  A1      : 0x3fcbb270  
A2      : 0x3fcadd10  A3      : 0x00000000  A4      : 0x00000000  A5      : 0x00000320  
A6      : 0x00000030  A7      : 0x3fc97748  A8      : 0x82009155  A9      : 0x00000033  
A10     : 0x3fcadd10  A11     : 0x00000000  A12     : 0x00000000  A13     : 0x00000320  
A14     : 0x00000030  A15     : 0x3fc97748  SAR     : 0x00000019  EXCCAUSE: 0x00000014  
EXCVADDR: 0x00000320  LBEG    : 0x400570e8  LEND    : 0x400570f3  LCOUNT  : 0x00000000  


Backtrace: 0x0000031d:0x3fcbb270 0x42008cc0:0x3fcbb2a0 0x420224fc:0x3fcbb2c0 0x42022905:0x3fcbb2f0 0x420230b9:0x3fcbb310 0x4202320f:0x3fcbb340 0x4202330d:0x3fcbb380 0x420234b7:0x3fcbb3a0 0x4200d2fd:0x3fcbb3c0 0x4200d3a7:0x3fcbb3e0 0x42008d52:0x3fcbb400 0x4037bc5d:0x3fcbb420




ELF file SHA256: 37ad9b880

Rebooting...
ESP-ROM:esp32s3-20210327
Build:Mar 27 2021
rst:0xc (RTC_SW_CPU_RST),boot:0x8 (SPI_FAST_FLASH_BOOT)
Saved PC:0x40375a74
