ï¿½ï¿½ï¿½ï¿½ End of partition table[0m
[0;32mI (91) esp_image: sï¿½ESP-ROM:esp32s3-20210327
Build:Mar 27 2021
rst:0x1 (POWERON),boot:0x8 (SPI_FAST_FLASH_BOOT)
SPIWP:0xee
mode:DIO, clock div:1
load:0x3fce3810,len:0x178c
load:0x403c9700,len:0x4
load:0x403c9704,len:0xcbc
load:0x403cc700,len:0x2d9c
entry 0x403c9914
[0;32mI (27) boot: ESP-IDF v5.2.2 2nd stage bootloader[0m
[0;32mI (27) boot: compile time Jun 14 2024 17:38:47[0m
[0;32mI (27) boot: Multicore bootloader[0m
[0;32mI (30) boot: chip revision: v0.2[0m
[0;32mI (34) boot.esp32s3: Boot SPI Speed : 80MHz[0m
[0;32mI (38) boot.esp32s3: SPI Mode       : DIO[0m
[0;32mI (43) boot.esp32s3: SPI Flash Size : 2MB[0m
[0;32mI (48) boot: Enabling RNG early entropy source...[0m
[0;32mI (53) boot: Partition Table:[0m
[0;32mI (57) boot: ## Label            Usage          Type ST Offset   Length[0m
[0;32mI (64) boot:  0 nvs              WiFi data        01 02 00009000 00006000[0m
[0;32mI (72) boot:  1 phy_init         RF data          01 01 0000f000 00001000[0m
[0;32mI (79) boot:  2 factory          factory app      00 00 00010000 00100000[0m
[0;32mI (87) boot: End of partition table[0m
[0;32mI (91) esp_image: segment 0: paddr=00010020 vaddr=3c050020 size=11170h ( 70000) map[0m
[0;32mI (112) esp_image: segment 1: paddr=00021198 vaddr=3fc93f00 size=03064h ( 12388) load[0m
[0;32mI (115) esp_image: segment 2: paddr=00024204 vaddr=40374000 size=0be14h ( 48660) load[0m
[0;32mI (128) esp_image: segment 3: paddr=00030020 vaddr=42000020 size=3ffech (262124) map[0m
[0;32mI (176) esp_image: segment 4: paddr=00070014 vaddr=4037fe14 size=040b4h ( 16564) load[0m
[0;32mI (186) boot: Loaded app from partition at offset 0x10000[0m
[0;32mI (186) boot: Disabling RNG early entropy source...[0m
[0;32mI (198) cpu_start: Multicore app[0m
[0;32mI (198) octal_psram: vendor id    : 0x0d (AP)[0m
[0;32mI (198) octal_psram: dev id       : 0x02 (generation 3)[0m
[0;32mI (201) octal_psram: density      : 0x03 (64 Mbit)[0m
[0;32mI (207) octal_psram: good-die     : 0x01 (Pass)[0m
[0;32mI (212) octal_psram: Latency      : 0x01 (Fixed)[0m
[0;32mI (217) octal_psram: VCC          : 0x01 (3V)[0m
[0;32mI (222) octal_psram: SRF          : 0x01 (Fast Refresh)[0m
[0;32mI (228) octal_psram: BurstType    : 0x01 (Hybrid Wrap)[0m
[0;32mI (234) octal_psram: BurstLen     : 0x01 (32 Byte)[0m
[0;32mI (239) octal_psram: Readlatency  : 0x02 (10 cycles@Fixed)[0m
[0;32mI (246) octal_psram: DriveStrength: 0x00 (1/1)[0m
[0;32mI (251) esp_psram: Found 8MB PSRAM device[0m
[0;32mI (255) esp_psram: Speed: 40MHz[0m
[0;32mI (990) esp_psram: SPI SRAM memory test OK[0m
[0;32mI (999) cpu_start: Pro cpu start user code[0m
[0;32mI (1000) cpu_start: cpu freq: 160000000 Hz[0m
[0;32mI (1000) cpu_start: Application information:[0m
[0;32mI (1003) cpu_start: Project name:     lcd_lvgl[0m
[0;32mI (1008) cpu_start: App version:      1[0m
[0;32mI (1012) cpu_start: Compile time:     Jun 14 2024 17:47:32[0m
[0;32mI (1019) cpu_start: ELF file SHA256:  fe9ba7726...[0m
[0;32mI (1024) cpu_start: ESP-IDF:          v5.2.2[0m
[0;32mI (1029) cpu_start: Min chip rev:     v0.0[0m
[0;32mI (1034) cpu_start: Max chip rev:     v0.99 [0m
[0;32mI (1039) cpu_start: Chip rev:         v0.2[0m
[0;32mI (1044) heap_init: Initializing. RAM available for dynamic allocation:[0m
[0;32mI (1051) heap_init: At 3FC979F8 len 00051D18 (327 KiB): RAM[0m
[0;32mI (1057) heap_init: At 3FCE9710 len 00005724 (21 KiB): RAM[0m
[0;32mI (1063) heap_init: At 3FCF0000 len 00008000 (32 KiB): DRAM[0m
[0;32mI (1069) heap_init: At 600FE010 len 00001FD8 (7 KiB): RTCRAM[0m
[0;32mI (1076) esp_psram: Adding pool of 8192K of PSRAM memory to heap allocator[0m
[0;32mI (1084) spi_flash: detected chip: generic[0m
[0;32mI (1088) spi_flash: flash io: dio[0m
[0;33mW (1092) spi_flash: Detected size(4096k) larger than the size in the binary image header(2048k). Using the size in the binary image header.[0m
[0;32mI (1105) sleep: Configure to isolate all GPIO pins in sleep state[0m
[0;32mI (1112) sleep: Enable automatic switching of GPIO sleep configuration[0m
[0;32mI (1120) main_task: Started on CPU0[0m
[0;32mI (1130) esp_psram: Reserving pool of 32K of internal memory for DMA/internal allocations[0m
[0;32mI (1130) main_task: Calling app_main()[0m
[0;32mI (1140) example: Turn off LCD backlight[0m
[0;32mI (1140) gpio: GPIO[2]| InputEn: 0| OutputEn: 1| OpenDrain: 0| Pullup: 0| Pulldown: 0| Intr:0 [0m
[0;32mI (1150) example: Initialize RGB LCD panel[0m
[0;32mI (1200) example: Initialize RGB LCD panel[0m
Turn on LCD backlight[0;32mI (1200) example: Register event callbacks[0m
[0;32mI (1200) example: Initialize LVGL library[0m

assert failed: remove_free_block tlsf.c:330 (prev && "prev_free field can not be null")


Backtrace: 0x40375afe:0x3fc9b190 0x4037b351:0x3fc9b1b0 0x40381e59:0x3fc9b1d0 0x40380cde:0x3fc9b2f0 0x4038068d:0x3fc9b310 0x403761ad:0x3fc9b330 0x4037624d:0x3fc9b350 0x40381e69:0x3fc9b370 0x4200c661:0x3fc9b390 0x4200c732:0x3fc9b3b0 0x4200b036:0x3fc9b3d0 0x42008e14:0x3fc9b400 0x42008bcf:0x3fc9b420 0x4203f0df:0x3fc9b440 0x4037bbb5:0x3fc9b470




ELF file SHA256: fe9ba7726

Rebooting...
ï¿½ï¿½ï¿½ESP-ROM:esp32s3-20210327
Build:Mar 27 2021
rst:0xc (RTC_SW_CPU_RST),boot:0x8 (SPI_FAST_FLASH_BOOT)
Saved PC:0x40375a74
ESP-ROM:esp32s3-20210327
Build:Mar 27 2021
rst:0x10 (RTCWDT_RTC_RST),boot:0x8 (SPI_FAST_FLASH_BOOT)
SPIWP:0xee
mode:DIO, clock div:1
load:0x3fce3810,len:0x178c
load:0x403c9700,len:0x4
load:0x403c9704,len:0xcbc
load:0x403cc700,len:0x2d9c
entry 0x403c9914
[0;32mI (27) boot: ESP-IDF v5.2.2 2nd stage bootloader[0m
[0;32mI (27) boot: compile time Jun 14 2024 17:38:47[0m
[0;32mI (28) boot: Multicore bootloader[0m
[0;32mI (31) boot: chip revision: v0.2[0m
[0;32mI (34) boot.esp32s3: Boot SPI Speed : 80MHz[0m
[0;32mI (39) boot.esp32s3: SPI Mode       : DIO[0m
[0;32mI (44) boot.esp32s3: SPI Flash Size : 2MB[0m
[0;32mI (49) boot: Enabling RNG early entropy source...[0m
[0;32mI (54) boot: Partition Table:[0m
[0;32mI (58) boot: ## Label            Usage          Type ST Offset   Length[0m
[0;32mI (65) boot:  0 nvs              WiFi data        01 02 00009000 00006000[0m
[0;32mI (72) boot:  1 phy_init         RF data          01 01 0000f000 00001000[0m
[0;32mI (80) boot:  2 factory          factory app      00 00 00010000 00100000[0m
[0;32mI (87) boot: End of partition table[0m
[0;32mI (91) esp_image: segment 0: paddr=00010020 vaddr=3c050020 size=11170h ( 70000) map[0m
[0;32mI (112) esp_image: segment 1: paddr=00021198 vaddr=3fc93f00 size=03064h ( 12388) load[0m
[0;32mI (115) esp_image: segment 2: paddr=00024204 vaddr=40374000 size=0be14h ( 48660) load[0m
[0;32mI (129) esp_image: segment 3: paddr=00030020 vaddr=42000020 size=3ffech (262124) map[0m
[0;32mI (176) esp_image: segment 4: paddr=00070014 vaddr=4037fe14 size=040b4h ( 16564) load[0m
[0;32mI (187) boot: Loaded app from partition at offset 0x10000[0m
[0;32mI (187) boot: Disabling RNG early entropy source...[0m
[0;32mI (198) cpu_start: Multicore app[0m
[0;32mI (199) octal_psram: vendor id    : 0x0d (AP)[0m
[0;32mI (199) octal_psram: dev id       : 0x02 (generation 3)[0m
[0;32mI (202) octal_psram: density      : 0x03 (64 Mbit)[0m
[0;32mI (207) octal_psram: good-die     : 0x01 (Pass)[0m
[0;32mI (213) octal_psram: Latency      : 0x01 (Fixed)[0m
[0;32mI (218) octal_psram: VCC          : 0x01 (3V)[0m
[0;32mI (223) octal_psram: SRF          : 0x01 (Fast Refresh)[0m
[0;32mI (229) octal_psram: BurstType    : 0x01 (Hybrid Wrap)[0m
[0;32mI (235) octal_psram: BurstLen     : 0x01 (32 Byte)[0m
[0;32mI (240) octal_psram: Readlatency  : 0x02 (10 cycles@Fixed)[0m
[0;32mI (246) octal_psram: DriveStrength: 0x00 (1/1)[0m
[0;32mI (251) esp_psram: Found 8MB PSRAM device[0m
[0;32mI (256) esp_psram: Speed: 40MHz[0m
[0;32mI (991) esp_psram: SPI SRAM memory test OK[0m
[0;32mI (1000) cpu_start: Pro cpu start user code[0m
[0;32mI (1000) cpu_start: cpu freq: 160000000 Hz[0m
[0;32mI (1000) cpu_start: Application information:[0m
[0;32mI (1003) cpu_start: Project name:     lcd_lvgl[0m
[0;32mI (1009) cpu_start: App version:      1[0m
[0;32mI (1013) cpu_start: Compile time:     Jun 14 2024 17:47:32[0m
[0;32mI (1019) cpu_start: ELF file SHA256:  fe9ba7726...[0m
[0;32mI (1025) cpu_start: ESP-IDF:          v5.2.2[0m
[0;32mI (1030) cpu_start: Min chip rev:     v0.0[0m
[0;32mI (1034) cpu_start: Max chip rev:     v0.99 [0m
[0;32mI (1039) cpu_start: Chip rev:         v0.2[0m
[0;32mI (1044) heap_init: Initializing. RAM available for dynamic allocation:[0m
[0;32mI (1052) heap_init: At 3FC979F8 len 00051D18 (327 KiB): RAM[0m
[0;32mI (1058) heap_init: At 3FCE9710 len 00005724 (21 KiB): RAM[0m
[0;32mI (1064) heap_init: At 3FCF0000 len 00008000 (32 KiB): DRAM[0m
[0;32mI (1070) heap_init: At 600FE010 len 00001FD8 (7 KiB): RTCRAM[0m
[0;32mI (1077) esp_psram: Adding pool of 8192K of PSRAM memory to heap allocator[0m
[0;32mI (1085) spi_flash: detected chip: generic[0m
[0;32mI (1089) spi_flash: flash io: dio[0m
[0;33mW (1093) spi_flash: Detected size(4096k) larger than the size in the binary image header(2048k). Using the size in the binary image header.[0m
[0;32mI (1106) sleep: Configure to isolate all GPIO pins in sleep state[0m
[0;32mI (1113) sleep: Enable automatic switching of GPIO sleep configuration[0m
[0;32mI (1120) main_task: Started on CPU0[0m
[0;32mI (1130) esp_psram: Reserving pool of 32K of internal memory for DMA/internal allocations[0m
[0;32mI (1130) main_task: Calling app_main()[0m
[0;32mI (1140) example: Turn off LCD backlight[0m
[0;32mI (1140) gpio: GPIO[2]| InputEn: 0| OutputEn: 1| OpenDrain: 0| Pullup: 0| Pulldown: 0| Intr:0 [0m
[0;32mI (1150) example: Initialize RGB LCD panel[0m
[0;32mI (1200) example: Initialize RGB LCD panel[0m
Turn on LCD backlight[0;32mI (1200) example: Register event callbacks[0m
[0;32mI (1200) example: Initialize LVGL library[0m

assert failed: remove_free_block tlsf.c:330 (prev && "prev_free field can not be null")


Backtrace: 0x40375afe:0x3fc9b190 0x4037b351:0x3fc9b1b0 0x40381e59:0x3fc9b1d0 0x40380cde:0x3fc9b2f0 0x4038068d:0x3fc9b310 0x403761ad:0x3fc9b330 0x4037624d:0x3fc9b350 0x40381e69:0x3fc9b370 0x4200c661:0x3fc9b390 0x4200c732:0x3fc9b3b0 0x4200b036:0x3fc9b3d0 0x42008e14:0x3fc9b400 0x42008bcf:0x3fc9b420 0x4203f0df:0x3fc9b440 0x4037bbb5:0x3fc9b470




ELF file SHA256: fe9ba7726

Rebooting...
ESP-ROM:esp32s3-20210327
Build:Mar 27 2021
rst:0xc (RTC_SW_CPU_RST),boot:0x8 (SPI_FAST_FLASH_BOOT)
Saved PC:0x40375a74
ESP-ROM:esp32s3-20210327
Build:Mar 27 2021
rst:0x10 (RTCWDT_RTC_RST),boot:0x8 (SPI_FAST_FLASH_BOOT)
SPIWP:0xee
mode:DIO, clock div:1
load:0x3fce3810,len:0x178c
load:0x403c9700,len:0x4
load:0x403c9704,len:0xcbc
load:0x403cc700,len:0x2d9c
entry 0x403c9914
[0;32mI (27) boot: ESP-IDF v5.2.2 2nd stage bootloader[0m
[0;32mI (27) boot: compile time Jun 14 2024 17:38:47[0m
[0;32mI (28) boot: Multicore bootloader[0m
[0;32mI (31) boot: chip revision: v0.2[0m
[0;32mI (34) boot.esp32s3: Boot SPI Speed : 80MHz[0m
[0;32mI (39) boot.esp32s3: SPI Mode       : DIO[0m
[0;32mI (44) boot.esp32s3: SPI Flash Size : 2MB[0m
[0;32mI (49) boot: Enabling RNG early entropy source...[0m
[0;32mI (54) boot: Partition Table:[0m
[0;32mI (58) boot: ## Label            Usage          Type ST Offset   Length[0m
[0;32mI (65) boot:  0 nvs              WiFi data        01 02 00009000 00006000[0m
[0;32mI (72) boot:  1 phy_init         RF data          01 01 0000f000 00001000[0m
[0;32mI (80) boot:  2 factory          factory app      00 00 00010000 00100000[0m
[0;32mI (87) boot: End of partition table[0m
[0;32mI (91) esp_image: segment 0: paddr=00010020 vaddr=3c050020 size=11170h ( 70000) map[0m
[0;32mI (112) esp_image: segment 1: paddr=00021198 vaddr=3fc93f00 size=03064h ( 12388) load[0m
[0;32mI (115) esp_image: segment 2: paddr=00024204 vaddr=40374000 size=0be14h ( 48660) load[0m
[0;32mI (129) esp_image: segment 3: paddr=00030020 vaddr=42000020 size=3ffech (262124) map[0m
[0;32mI (176) esp_image: segment 4: paddr=00070014 vaddr=4037fe14 size=040b4h ( 16564) load[0m
[0;32mI (187) boot: Loaded app from partition at offset 0x10000[0m
[0;32mI (187) boot: Disabling RNG early entropy source...[0m
[0;32mI (198) cpu_start: Multicore app[0m
[0;32mI (199) octal_psram: vendor id    : 0x0d (AP)[0m
[0;32mI (199) octal_psram: dev id       : 0x02 (generation 3)[0m
[0;32mI (202) octal_psram: density      : 0x03 (64 Mbit)[0m
[0;32mI (207) octal_psram: good-die     : 0x01 (Pass)[0m
[0;32mI (213) octal_psram: Latency      : 0x01 (Fixed)[0m
[0;32mI (218) octal_psram: VCC          : 0x01 (3V)[0m
[0;32mI (223) octal_psram: SRF          : 0x01 (Fast Refresh)[0m
[0;32mI (229) octal_psram: BurstType    : 0x01 (Hybrid Wrap)[0m
[0;32mI (235) octal_psram: BurstLen     : 0x01 (32 Byte)[0m
[0;32mI (240) octal_psram: Readlatency  : 0x02 (10 cycles@Fixed)[0m
[0;32mI (246) octal_psram: DriveStrength: 0x00 (1/1)[0m
[0;32mI (251) esp_psram: Found 8MB PSRAM device[0m
[0;32mI (256) esp_psram: Speed: 40MHz[0m
[0;32mI (991) esp_psram: SPI SRAM memory test OK[0m
[0;32mI (1000) cpu_start: Pro cpu start user code[0m
[0;32mI (1000) cpu_start: cpu freq: 160000000 Hz[0m
[0;32mI (1000) cpu_start: Application information:[0m
[0;32mI (1003) cpu_start: Project name:     lcd_lvgl[0m
[0;32mI (1009) cpu_start: App version:      1[0m
[0;32mI (1013) cpu_start: Compile time:     Jun 14 2024 17:47:32[0m
[0;32mI (1019) cpu_start: ELF file SHA256:  fe9ba7726...[0m
[0;32mI (1025) cpu_start: ESP-IDF:          v5.2.2[0m
[0;32mI (1030) cpu_start: Min chip rev:     v0.0[0m
[0;32mI (1034) cpu_start: Max chip rev:     v0.99 [0m
[0;32mI (1039) cpu_start: Chip rev:         v0.2[0m
[0;32mI (1044) heap_init: Initializing. RAM available for dynamic allocation:[0m
[0;32mI (1052) heap_init: At 3FC979F8 len 00051D18 (327 KiB): RAM[0m
[0;32mI (1058) heap_init: At 3FCE9710 len 00005724 (21 KiB): RAM[0m
[0;32mI (1064) heap_init: At 3FCF0000 len 00008000 (32 KiB): DRAM[0m
[0;32mI (1070) heap_init: At 600FE010 len 00001FD8 (7 KiB): RTCRAM[0m
[0;32mI (1077) esp_psram: Adding pool of 8192K of PSRAM memory to heap allocator[0m
[0;32mI (1085) spi_flash: detected chip: generic[0m
[0;32mI (1089) spi_flash: flash io: dio[0m
[0;33mW (1093) spi_flash: Detected size(4096k) larger than the size in the binary image header(2048k). Using the size in the binary image header.[0m
[0;32mI (1106) sleep: Configure to isolate all GPIO pins in sleep state[0m
[0;32mI (1113) sleep: Enable automatic switching of GPIO sleep configuration[0m
[0;32mI (1120) main_task: Started on CPU0[0m
[0;32mI (1130) esp_psram: Reserving pool of 32K of internal memory for DMA/internal allocations[0m
[0;32mI (1130) main_task: Calling app_main()[0m
[0;32mI (1140) example: Turn off LCD backlight[0m
[0;32mI (1140) gpio: GPIO[2]| InputEn: 0| OutputEn: 1| OpenDrain: 0| Pullup: 0| Pulldown: 0| Intr:0 [0m
[0;32mI (1150) example: Initialize RGB LCD panel[0m
[0;32mI (1200) example: Initialize RGB LCD panel[0m
Turn on LCD backlight[0;32mI (1200) example: Register event callbacks[0m
[0;32mI (1200) example: Initialize LVGL library[0m

assert failed: remove_free_block tlsf.c:330 (prev && "prev_free field can not be null")


Backtrace: 0x40375afe:0x3fc9b190 0x4037b351:0x3fc9b1b0 0x40381e59:0x3fc9b1d0 0x40380cde:0x3fc9b2f0 0x4038068d:0x3fc9b310 0x403761ad:0x3fc9b330 0x4037624d:0x3fc9b350 0x40381e69:0x3fc9b370 0x4200c661:0x3fc9b390 0x4200c732:0x3fc9b3b0 0x4200b036:0x3fc9b3d0 0x42008e14:0x3fc9b400 0x42008bcf:0x3fc9b420 0x4203f0df:0x3fc9b440 0x4037bbb5:0x3fc9b470




ELF file SHA256: fe9ba7726

Rebooting...
ESP-ROM:esp32s3-20210327
Build:Mar 27 2021
rst:0xc (RTC_SW_CPU_RST),boot:0x8 (SPI_FAST_FLASH_BOOT)
Saved PC:0x40375a74
ESP-ROM:esp32s3-20210327
Build:Mar 27 2021
rst:0x10 (RTCWDT_RTC_RST),boot:0x8 (SPI_FAST_FLASH_BOOT)
SPIWP:0xee
mode:DIO, clock div:1
load:0x3fce3810,len:0x178c
load:0x403c9700,len:0x4
load:0x403c9704,len:0xcbc
load:0x403cc700,len:0x2d9c
entry 0x403c9914
[0;32mI (27) boot: ESP-IDF v5.2.2 2nd stage bootloader[0m
[0;32mI (27) boot: compile time Jun 14 2024 17:38:47[0m
[0;32mI (28) boot: Multicore bootloader[0m
[0;32mI (31) boot: chip revision: v0.2[0m
[0;32mI (34) boot.esp32s3: Boot SPI Speed : 80MHz[0m
[0;32mI (39) boot.esp32s3: SPI Mode       : DIO[0m
[0;32mI (44) boot.esp32s3: SPI Flash Size : 2MB[0m
[0;32mI (49) boot: Enabling RNG early entropy source...[0m
[0;32mI (54) boot: Partition Table:[0m
[0;32mI (58) boot: ## Label            Usage          Type ST Offset   Length[0m
[0;32mI (65) boot:  0 nvs              WiFi data        01 02 00009000 00006000[0m
[0;32mI (72) boot:  1 phy_init         RF data          01 01 0000f000 00001000[0m
[0;32mI (80) boot:  2 factory          factory app      00 00 00010000 00100000[0m
[0;32mI (87) boot: End of partition table[0m
[0;32mI (91) esp_image: segment 0: paddr=00010020 vaddr=3c050020 size=11170h ( 70000) map[0m
[0;32mI (112) esp_image: segment 1: paddr=00021198 vaddr=3fc93f00 size=03064h ( 12388) load[0m
[0;32mI (115) esp_image: segment 2: paddr=00024204 vaddr=40374000 size=0be14h ( 48660) load[0m
[0;32mI (129) esp_image: segment 3: paddr=00030020 vaddr=42000020 size=3ffech (262124) map[0m
[0;32mI (176) esp_image: segment 4: paddr=00070014 vaddr=4037fe14 size=040b4h ( 16564) load[0m
[0;32mI (187) boot: Loaded app from partition at offset 0x10000[0m
[0;32mI (187) boot: Disabling RNG early entropy source...[0m
[0;32mI (198) cpu_start: Multicore app[0m
[0;32mI (199) octal_psram: vendor id    : 0x0d (AP)[0m
[0;32mI (199) octal_psram: dev id       : 0x02 (generation 3)[0m
[0;32mI (202) octal_psram: density      : 0x03 (64 Mbit)[0m
[0;32mI (207) octal_psram: good-die     : 0x01 (Pass)[0m
[0;32mI (213) octal_psram: Latency      : 0x01 (Fixed)[0m
[0;32mI (218) octal_psram: VCC          : 0x01 (3V)[0m
[0;32mI (223) octal_psram: SRF          : 0x01 (Fast Refresh)[0m
[0;32mI (229) octal_psram: BurstType    : 0x01 (Hybrid Wrap)[0m
[0;32mI (235) octal_psram: BurstLen     : 0x01 (32 Byte)[0m
[0;32mI (240) octal_psram: Readlatency  : 0x02 (10 cycles@Fixed)[0m
[0;32mI (246) octal_psram: DriveStrength: 0x00 (1/1)[0m
[0;32mI (251) esp_psram: Found 8MB PSRAM device[0m
[0;32mI (256) esp_psram: Speed: 40MHz[0m
[0;32mI (991) esp_psram: SPI SRAM memory test OK[0m
[0;32mI (1000) cpu_start: Pro cpu start user code[0m
[0;32mI (1000) cpu_start: cpu freq: 160000000 Hz[0m
[0;32mI (1000) cpu_start: Application information:[0m
[0;32mI (1003) cpu_start: Project name:     lcd_lvgl[0m
[0;32mI (1009) cpu_start: App version:      1[0m
[0;32mI (1013) cpu_start: Compile time:     Jun 14 2024 17:47:32[0m
[0;32mI (1019) cpu_start: ELF file SHA256:  fe9ba7726...[0m
[0;32mI (1025) cpu_start: ESP-IDF:          v5.2.2[0m
[0;32mI (1030) cpu_start: Min chip rev:     v0.0[0m
[0;32mI (1034) cpu_start: Max chip rev:     v0.99 [0m
[0;32mI (1039) cpu_start: Chip rev:         v0.2[0m
[0;32mI (1044) heap_init: Initializing. RAM available for dynamic allocation:[0m
[0;32mI (1052) heap_init: At 3FC979F8 len 00051D18 (327 KiB): RAM[0m
[0;32mI (1058) heap_init: At 3FCE9710 len 00005724 (21 KiB): RAM[0m
[0;32mI (1064) heap_init: At 3FCF0000 len 00008000 (32 KiB): DRAM[0m
[0;32mI (1070) heap_init: At 600FE010 len 00001FD8 (7 KiB): RTCRAM[0m
[0;32mI (1077) esp_psram: Adding pool of 8192K of PSRAM memory to heap allocator[0m
[0;32mI (1085) spi_flash: detected chip: generic[0m
[0;32mI (1089) spi_flash: flash io: dio[0m
[0;33mW (1093) spi_flash: Detected size(4096k) larger than the size in the binary image header(2048k). Using the size in the binary image header.[0m
[0;32mI (1106) sleep: Configure to isolate all GPIO pins in sleep state[0m
[0;32mI (1113) sleep: Enable automatic switching of GPIO sleep configuration[0m
[0;32mI (1120) main_task: Started on CPU0[0m
[0;32mI (1130) esp_psram: Reserving pool of 32K of internal memory for DMA/internal allocations[0m
[0;32mI (1130) main_task: Calling app_main()[0m
[0;32mI (1140) example: Turn off LCD backlight[0m
[0;32mI (1140) gpio: GPIO[2]| InputEn: 0| OutputEn: 1| OpenDrain: 0| Pullup: 0| Pulldown: 0| Intr:0 [0m
[0;32mI (1150) example: Initialize RGB LCD panel[0m
[0;32mI (1200) example: Initialize RGB LCD panel[0m
Turn on LCD backlight[0;32mI (1200) example: Register event callbacks[0m
[0;32mI (1200) example: Initialize LVGL library[0m

assert failed: remove_free_block tlsf.c:330 (prev && "prev_free field can not be null")


Backtrace: 0x40375afe:0x3fc9b190 0x4037b351:0x3fc9b1b0 0x40381e59:0x3fc9b1d0 0x40380cde:0x3fc9b2f0 0x4038068d:0x3fc9b310 0x403761ad:0x3fc9b330 0x4037624d:0x3fc9b350 0x40381e69:0x3fc9b370 0x4200c661:0x3fc9b390 0x4200c732:0x3fc9b3b0 0x4200b036:0x3fc9b3d0 0x42008e14:0x3fc9b400 0x42008bcf:0x3fc9b420 0x4203f0df:0x3fc9b440 0x4037bbb5:0x3fc9b470




ELF file SHA256: fe9ba7726

Rebooting...
ESP-ROM:esp32s3-20210327
Build:Mar 27 2021
rst:0xc (RTC_SW_CPU_RST),boot:0x8 (SPI_FAST_FLASH_BOOT)
Saved PC:0x40375a74
ESP-ROM:esp32s3-20210327
Build:Mar 27 2021
rst:0x10 (RTCWDT_RTC_RST),boot:0x8 (SPI_FAST_FLASH_BOOT)
SPIWP:0xee
mode:DIO, clock div:1
load:0x3fce3810,len:0x178c
load:0x403c9700,len:0x4
load:0x403c9704,len:0xcbc
load:0x403cc700,len:0x2d9c
entry 0x403c9914
[0;32mI (27) boot: ESP-IDF v5.2.2 2nd stage bootloader[0m
[0;32mI (27) boot: compile time Jun 14 2024 17:38:47[0m
[0;32mI (28) boot: Multicore bootloader[0m
[0;32mI (31) boot: chip revision: v0.2[0m
[0;32mI (34) boot.esp32s3: Boot SPI Speed : 80MHz[0m
[0;32mI (39) boot.esp32s3: SPI Mode       : DIO[0m
[0;32mI (44) boot.esp32s3: SPI Flash Size : 2MB[0m
[0;32mI (49) boot: Enabling RNG early entropy source...[0m
[0;32mI (54) boot: Partition Table:[0m
[0;32mI (58) boot: ## Label            Usage          Type ST Offset   Length[0m
[0;32mI (65) boot:  0 nvs              WiFi data        01 02 00009000 00006000[0m
[0;32mI (72) boot:  1 phy_init         RF data          01 01 0000f000 00001000[0m
[0;32mI (80) boot:  2 factory          factory app      00 00 00010000 00100000[0m
[0;32mI (87) boot: End of partition table[0m
[0;32mI (91) esp_image: segment 0: paddr=00010020 vaddr=3c050020 size=11170h ( 70000) map[0m
[0;32mI (112) esp_image: segment 1: paddr=00021198 vaddr=3fc93f00 size=03064h ( 12388) load[0m
[0;32mI (115) esp_image: segment 2: paddr=00024204 vaddr=40374000 size=0be14h ( 48660) load[0m
[0;32mI (129) esp_image: segment 3: paddr=00030020 vaddr=42000020 size=3ffech (262124) map[0m
[0;32mI (176) esp_image: segment 4: paddr=00070014 vaddr=4037fe14 size=040b4h ( 16564) load[0m
[0;32mI (187) boot: Loaded app from partition at offset 0x10000[0m
[0;32mI (187) boot: Disabling RNG early entropy source...[0m
[0;32mI (198) cpu_start: Multicore app[0m
[0;32mI (199) octal_psram: vendor id    : 0x0d (AP)[0m
[0;32mI (199) octal_psram: dev id       : 0x02 (generation 3)[0m
[0;32mI (202) octal_psram: density      : 0x03 (64 Mbit)[0m
[0;32mI (207) octal_psram: good-die     : 0x01 (Pass)[0m
[0;32mI (213) octal_psram: Latency      : 0x01 (Fixed)[0m
[0;32mI (218) octal_psram: VCC          : 0x01 (3V)[0m
[0;32mI (223) octal_psram: SRF          : 0x01 (Fast Refresh)[0m
[0;32mI (229) octal_psram: BurstType    : 0x01 (Hybrid Wrap)[0m
[0;32mI (235) octal_psram: BurstLen     : 0x01 (32 Byte)[0m
[0;32mI (240) octal_psram: Readlatency  : 0x02 (10 cycles@Fixed)[0m
[0;32mI (246) octal_psram: DriveStrength: 0x00 (1/1)[0m
[0;32mI (251) esp_psram: Found 8MB PSRAM device[0m
[0;32mI (256) esp_psram: Speed: 40MHz[0m
[0;32mI (991) esp_psram: SPI SRAM memory test OK[0m
[0;32mI (1000) cpu_start: Pro cpu start user code[0m
[0;32mI (1000) cpu_start: cpu freq: 160000000 Hz[0m
[0;32mI (1000) cpu_start: Application information:[0m
[0;32mI (1003) cpu_start: Project name:     lcd_lvgl[0m
[0;32mI (1009) cpu_start: App version:      1[0m
[0;32mI (1013) cpu_start: Compile time:     Jun 14 2024 17:47:32[0m
[0;32mI (1019) cpu_start: ELF file SHA256:  fe9ba7726...[0m
[0;32mI (1025) cpu_start: ESP-IDF:          v5.2.2[0m
[0;32mI (1030) cpu_start: Min chip rev:     v0.0[0m
[0;32mI (1034) cpu_start: Max chip rev:     v0.99 [0m
[0;32mI (1039) cpu_start: Chip rev:         v0.2[0m
[0;32mI (1044) heap_init: Initializing. RAM available for dynamic allocation:[0m
[0;32mI (1052) heap_init: At 3FC979F8 len 00051D18 (327 KiB): RAM[0m
[0;32mI (1058) heap_init: At 3FCE9710 len 00005724 (21 KiB): RAM[0m
[0;32mI (1064) heap_init: At 3FCF0000 len 00008000 (32 KiB): DRAM[0m
[0;32mI (1070) heap_init: At 600FE010 len 00001FD8 (7 KiB): RTCRAM[0m
[0;32mI (1077) esp_psram: Adding pool of 8192K of PSRAM memory to heap allocator[0m
[0;32mI (1085) spi_flash: detected chip: generic[0m
[0;32mI (1089) spi_flash: flash io: dio[0m
[0;33mW (1093) spi_flash: Detected size(4096k) larger than the size in the binary image header(2048k). Using the size in the binary image header.[0m
[0;32mI (1106) sleep: Configure to isolate all GPIO pins in sleep state[0m
[0;32mI (1113) sleep: Enable automatic switching of GPIO sleep configuration[0m
[0;32mI (1120) main_task: Started on CPU0[0m
[0;32mI (1130) esp_psram: Reserving pool of 32K of internal memory for DMA/internal allocations[0m
[0;32mI (1130) main_task: Calling app_main()[0m
[0;32mI (1140) example: Turn off LCD backlight[0m
[0;32mI (1140) gpio: GPIO[2]| InputEn: 0| OutputEn: 1| OpenDrain: 0| Pullup: 0| Pulldown: 0| Intr:0 [0m
[0;32mI (1150) example: Initialize RGB LCD panel[0m
[0;32mI (1200) example: Initialize RGB LCD panel[0m
Turn on LCD backlight[0;32mI (1200) example: Register event callbacks[0m
[0;32mI (1200) example: Initialize LVGL library[0m

assert failed: remove_free_block tlsf.c:330 (prev && "prev_free field can not be null")


Backtrace: 0x40375afe:0x3fc9b190 0x4037b351:0x3fc9b1b0 0x40381e59:0x3fc9b1d0 0x40380cde:0x3fc9b2f0 0x4038068d:0x3fc9b310 0x403761ad:0x3fc9b330 0x4037624d:0x3fc9b350 0x40381e69:0x3fc9b370 0x4200c661:0x3fc9b390 0x4200c732:0x3fc9b3b0 0x4200b036:0x3fc9b3d0 0x42008e14:0x3fc9b400 0x42008bcf:0x3fc9b420 0x4203f0df:0x3fc9b440 0x4037bbb5:0x3fc9b470




ELF file SHA256: fe9ba7726

Rebooting...
ESP-ROM:esp32s3-20210327
Build:Mar 27 2021
rst:0xc (RTC_SW_CPU_RST),boot:0x8 (SPI_FAST_FLASH_BOOT)
Saved PC:0x40375a74
ESP-ROM:esp32s3-20210327
Build:Mar 27 2021
rst:0x10 (RTCWDT_RTC_RST),boot:0x8 (SPI_FAST_FLASH_BOOT)
SPIWP:0xee
mode:DIO, clock div:1
load:0x3fce3810,len:0x178c
load:0x403c9700,len:0x4
load:0x403c9704,len:0xcbc
load:0x403cc700,len:0x2d9c
entry 0x403c9914
[0;32mI (27) boot: ESP-IDF v5.2.2 2nd stage bootloader[0m
[0;32mI (27) boot: compile time Jun 14 2024 17:38:47[0m
[0;32mI (28) boot: Multicore bootloader[0m
[0;32mI (31) boot: chip revision: v0.2[0m
[0;32mI (34) boot.esp32s3: Boot SPI Speed : 80MHz[0m
[0;32mI (39) boot.esp32s3: SPI Mode       : DIO[0m
[0;32mI (44) boot.esp32s3: SPI Flash Size : 2MB[0m
[0;32mI (49) boot: Enabling RNG early entropy source...[0m
[0;32mI (54) boot: Partition Table:[0m
[0;32mI (58) boot: ## Label            Usage          Type ST Offset   Length[0m
[0;32mI (65) boot:  0 nvs              WiFi data        01 02 00009000 00006000[0m
[0;32mI (72) boot:  1 phy_init         RF data          01 01 0000f000 00001000[0m
[0;32mI (80) boot:  2 factory          factory app      00 00 00010000 00100000[0m
[0;32mI (87) boot: End of partition table[0m
[0;32mI (91) esp_image: segment 0: paddr=00010020 vaddr=3c050020 size=11170h ( 70000) map[0m
[0;32mI (112) esp_image: segment 1: paddr=00021198 vaddr=3fc93f00 size=03064h ( 12388) load[0m
[0;32mI (115) esp_image: segment 2: paddr=00024204 vaddr=40374000 size=0be14h ( 48660) load[0m
[0;32mI (129) esp_image: segment 3: paddr=00030020 vaddr=42000020 size=3ffech (262124) map[0m
[0;32mI (176) esp_image: segment 4: paddr=00070014 vaddr=4037fe14 size=040b4h ( 16564) load[0m
[0;32mI (187) boot: Loaded app from partition at offset 0x10000[0m
[0;32mI (187) boot: Disabling RNG early entropy source...[0m
[0;32mI (198) cpu_start: Multicore app[0m
[0;32mI (199) octal_psram: vendor id    : 0x0d (AP)[0m
[0;32mI (199) octal_psram: dev id       : 0x02 (generation 3)[0m
[0;32mI (202) octal_psram: density      : 0x03 (64 Mbit)[0m
[0;32mI (207) octal_psram: good-die     : 0x01 (Pass)[0m
[0;32mI (213) octal_psram: Latency      : 0x01 (Fixed)[0m
[0;32mI (218) octal_psram: VCC          : 0x01 (3V)[0m
[0;32mI (223) octal_psram: SRF          : 0x01 (Fast Refresh)[0m
[0;32mI (229) octal_psram: BurstType    : 0x01 (Hybrid Wrap)[0m
[0;32mI (235) octal_psram: BurstLen     : 0x01 (32 Byte)[0m
[0;32mI (240) octal_psram: Readlatency  : 0x02 (10 cycles@Fixed)[0m
[0;32mI (246) octal_psram: DriveStrength: 0x00 (1/1)[0m
[0;32mI (251) esp_psram: Found 8MB PSRAM device[0m
[0;32mI (256) esp_psram: Speed: 40MHz[0m
[0;32mI (991) esp_psram: SPI SRAM memory test OK[0m
[0;32mI (1000) cpu_start: Pro cpu start user code[0m
[0;32mI (1000) cpu_start: cpu freq: 160000000 Hz[0m
[0;32mI (1000) cpu_start: Application information:[0m
[0;32mI (1003) cpu_start: Project name:     lcd_lvgl[0m
[0;32mI (1009) cpu_start: App version:      1[0m
[0;32mI (1013) cpu_start: Compile time:     Jun 14 2024 17:47:32[0m
[0;32mI (1019) cpu_start: ELF file SHA256:  fe9ba7726...[0m
[0;32mI (1025) cpu_start: ESP-IDF:          v5.2.2[0m
[0;32mI (1030) cpu_start: Min chip rev:     v0.0[0m
[0;32mI (1034) cpu_start: Max chip rev:     v0.99 [0m
[0;32mI (1039) cpu_start: Chip rev:         v0.2[0m
[0;32mI (1044) heap_init: Initializing. RAM available for dynamic allocation:[0m
[0;32mI (1052) heap_init: At 3FC979F8 len 00051D18 (327 KiB): RAM[0m
[0;32mI (1058) heap_init: At 3FCE9710 len 00005724 (21 KiB): RAM[0m
[0;32mI (1064) heap_init: At 3FCF0000 len 00008000 (32 KiB): DRAM[0m
[0;32mI (1070) heap_init: At 600FE010 len 00001FD8 (7 KiB): RTCRAM[0m
[0;32mI (1077) esp_psram: Adding pool of 8192K of PSRAM memory to heap allocator[0m
[0;32mI (1085) spi_flash: detected chip: generic[0m
[0;32mI (1089) spi_flash: flash io: dio[0m
[0;33mW (1093) spi_flash: Detected size(4096k) larger than the size in the binary image header(2048k). Using the size in the binary image header.[0m
[0;32mI (1106) sleep: Configure to isolate all GPIO pins in sleep state[0m
[0;32mI (1113) sleep: Enable automatic switching of GPIO sleep configuration[0m
[0;32mI (1120) main_task: Started on CPU0[0m
[0;32mI (1130) esp_psram: Reserving pool of 32K of internal memory for DMA/internal allocations[0m
[0;32mI (1130) main_task: Calling app_main()[0m
[0;32mI (1140) example: Turn off LCD backlight[0m
[0;32mI (1140) gpio: GPIO[2]| InputEn: 0| OutputEn: 1| OpenDrain: 0| Pullup: 0| Pulldown: 0| Intr:0 [0m
[0;32mI (1150) example: Initialize RGB LCD panel[0m
[0;32mI (1200) example: Initialize RGB LCD panel[0m
Turn on LCD backlight[0;32mI (1200) example: Register event callbacks[0m
[0;32mI (1200) example: Initialize LVGL library[0m

assert failed: remove_free_block tlsf.c:330 (prev && "prev_free field can not be null")


Backtrace: 0x40375afe:0x3fc9b190 0x4037b351:0x3fc9b1b0 0x40381e59:0x3fc9b1d0 0x40380cde:0x3fc9b2f0 0x4038068d:0x3fc9b310 0x403761ad:0x3fc9b330 0x4037624d:0x3fc9b350 0x40381e69:0x3fc9b370 0x4200c661:0x3fc9b390 0x4200c732:0x3fc9b3b0 0x4200b036:0x3fc9b3d0 0x42008e14:0x3fc9b400 0x42008bcf:0x3fc9b420 0x4203f0df:0x3fc9b440 0x4037bbb5:0x3fc9b470




ELF file SHA256: fe9ba7726

Rebooting...
ESP-ROM:esp32s3-20210327
Build:Mar 27 2021
rst:0xc (RTC_SW_CPU_RST),boot:0x8 (SPI_FAST_FLASH_BOOT)
Saved PC:0x40375a74
ESP-ROM:esp32s3-20210327
Build:Mar 27 2021
rst:0x10 (RTCWDT_RTC_RST),boot:0x8 (SPI_FAST_FLASH_BOOT)
SPIWP:0xee
mode:DIO, clock div:1
load:0x3fce3810,len:0x178c
load:0x403c9700,len:0x4
load:0x403c9704,len:0xcbc
load:0x403cc700,len:0x2d9c
entry 0x403c9914
[0;32mI (27) boot: ESP-IDF v5.2.2 2nd stage bootloader[0m
[0;32mI (27) boot: compile time Jun 14 2024 17:38:47[0m
[0;32mI (28) boot: Multicore bootloader[0m
[0;32mI (31) boot: chip revision: v0.2[0m
[0;32mI (34) boot.esp32s3: Boot SPI Speed : 80MHz[0m
[0;32mI (39) boot.esp32s3: SPI Mode       : DIO[0m
[0;32mI (44) boot.esp32s3: SPI Flash Size : 2MB[0m
[0;32mI (49) boot: Enabling RNG early entropy source...[0m
[0;32mI (54) boot: Partition Table:[0m
[0;32mI (58) boot: ## Label            Usage          Type ST Offset   Length[0m
[0;32mI (65) boot:  0 nvs              WiFi data        01 02 00009000 00006000[0m
[0;32mI (72) boot:  1 phy_init         RF data          01 01 0000f000 00001000[0m
[0;32mI (80) boot:  2 factory          factory app      00 00 00010000 00100000[0m
[0;32mI (87) boot: End of partition table[0m
[0;32mI (91) esp_image: segment 0: paddr=00010020 vaddr=3c050020 size=11170h ( 70000) map[0m
[0;32mI (112) esp_image: segment 1: paddr=00021198 vaddr=3fc93f00 size=03064h ( 12388) load[0m
[0;32mI (115) esp_image: segment 2: paddr=00024204 vaddr=40374000 size=0be14h ( 48660) load[0m
[0;32mI (129) esp_image: segment 3: paddr=00030020 vaddr=42000020 size=3ffech (262124) map[0m
[0;32mI (176) esp_image: segment 4: paddr=00070014 vaddr=4037fe14 size=040b4h ( 16564) load[0m
[0;32mI (187) boot: Loaded app from partition at offset 0x10000[0m
[0;32mI (187) boot: Disabling RNG early entropy source...[0m
[0;32mI (198) cpu_start: Multicore app[0m
[0;32mI (199) octal_psram: vendor id    : 0x0d (AP)[0m
[0;32mI (199) octal_psram: dev id       : 0x02 (generation 3)[0m
[0;32mI (202) octal_psram: density      : 0x03 (64 Mbit)[0m
[0;32mI (207) octal_psram: good-die     : 0x01 (Pass)[0m
[0;32mI (213) octal_psram: Latency      : 0x01 (Fixed)[0m
[0;32mI (218) octal_psram: VCC          : 0x01 (3V)[0m
[0;32mI (223) octal_psram: SRF          : 0x01 (Fast Refresh)[0m
[0;32mI (229) octal_psram: BurstType    : 0x01 (Hybrid Wrap)[0m
[0;32mI (235) octal_psram: BurstLen     : 0x01 (32 Byte)[0m
[0;32mI (240) octal_psram: Readlatency  : 0x02 (10 cycles@Fixed)[0m
[0;32mI (246) octal_psram: DriveStrength: 0x00 (1/1)[0m
[0;32mI (251) esp_psram: Found 8MB PSRAM device[0m
[0;32mI (256) esp_psram: Speed: 40MHz[0m
[0;32mI (991) esp_psram: SPI SRAM memory test OK[0m
[0;32mI (1000) cpu_start: Pro cpu start user code[0m
[0;32mI (1000) cpu_start: cpu freq: 160000000 Hz[0m
[0;32mI (1000) cpu_start: Application information:[0m
[0;32mI (1003) cpu_start: Project name:     lcd_lvgl[0m
[0;32mI (1009) cpu_start: App version:      1[0m
[0;32mI (1013) cpu_start: Compile time:     Jun 14 2024 17:47:32[0m
[0;32mI (1019) cpu_start: ELF file SHA256:  fe9ba7726...[0m
[0;32mI (1025) cpu_start: ESP-IDF:          v5.2.2[0m
[0;32mI (1030) cpu_start: Min chip rev:     v0.0[0m
[0;32mI (1034) cpu_start: Max chip rev:     v0.99 [0m
[0;32mI (1039) cpu_start: Chip rev:         v0.2[0m
[0;32mI (1044) heap_init: Initializing. RAM available for dynamic allocation:[0m
[0;32mI (1052) heap_init: At 3FC979F8 len 00051D18 (327 KiB): RAM[0m
[0;32mI (1058) heap_init: At 3FCE9710 len 00005724 (21 KiB): RAM[0m
[0;32mI (1064) heap_init: At 3FCF0000 len 00008000 (32 KiB): DRAM[0m
[0;32mI (1070) heap_init: At 600FE010 len 00001FD8 (7 KiB): RTCRAM[0m
[0;32mI (1077) esp_psram: Adding pool of 8192K of PSRAM memory to heap allocator[0m
[0;32mI (1085) spi_flash: detected chip: generic[0m
[0;32mI (1089) spi_flash: flash io: dio[0m
[0;33mW (1093) spi_flash: Detected size(4096k) larger than the size in the binary image header(2048k). Using the size in the binary image header.[0m
[0;32mI (1106) sleep: Configure to isolate all GPIO pins in sleep state[0m
[0;32mI (1113) sleep: Enable automatic switching of GPIO sleep configuration[0m
[0;32mI (1120) main_task: Started on CPU0[0m
[0;32mI (1130) esp_psram: Reserving pool of 32K of internal memory for DMA/internal allocations[0m
[0;32mI (1130) main_task: Calling app_main()[0m
[0;32mI (1140) example: Turn off LCD backlight[0m
[0;32mI (1140) gpio: GPIO[2]| InputEn: 0| OutputEn: 1| OpenDrain: 0| Pullup: 0| Pulldown: 0| Intr:0 [0m
[0;32mI (1150) example: Initialize RGB LCD panel[0m
[0;32mI (1200) example: Initialize RGB LCD panel[0m
Turn on LCD backlight[0;32mI (1200) example: Register event callbacks[0m
[0;32mI (1200) example: Initialize LVGL library[0m

assert failed: remove_free_block tlsf.c:330 (prev && "prev_free field can not be null")


Backtrace: 0x40375afe:0x3fc9b190 0x4037b351:0x3fc9b1b0 0x40381e59:0x3fc9b1d0 0x40380cde:0x3fc9b2f0 0x4038068d:0x3fc9b310 0x403761ad:0x3fc9b330 0x4037624d:0x3fc9b350 0x40381e69:0x3fc9b370 0x4200c661:0x3fc9b390 0x4200c732:0x3fc9b3b0 0x4200b036:0x3fc9b3d0 0x42008e14:0x3fc9b400 0x42008bcf:0x3fc9b420 0x4203f0df:0x3fc9b440 0x4037bbb5:0x3fc9b470




ELF file SHA256: fe9ba7726

Rebooting...
ESP-ROM:esp32s3-20210327
Build:Mar 27 2021
rst:0xc (RTC_SW_CPU_RST),boot:0x8 (SPI_FAST_FLASH_BOOT)
Saved PC:0x40375a74
ESP-ROM:esp32s3-20210327
Build:Mar 27 2021
rst:0x10 (RTCWDT_RTC_RST),boot:0x8 (SPI_FAST_FLASH_BOOT)
SPIWP:0xee
mode:DIO, clock div:1
load:0x3fce3810,len:0x178c
load:0x403c9700,len:0x4
load:0x403c9704,len:0xcbc
load:0x403cc700,len:0x2d9c
entry 0x403c9914
[0;32mI (27) boot: ESP-IDF v5.2.2 2nd stage bootloader[0m
[0;32mI (27) boot: compile time Jun 14 2024 17:38:47[0m
[0;32mI (28) boot: Multicore bootloader[0m
[0;32mI (31) boot: chip revision: v0.2[0m
[0;32mI (34) boot.esp32s3: Boot SPI Speed : 80MHz[0m
[0;32mI (39) boot.esp32s3: SPI Mode       : DIO[0m
[0;32mI (44) boot.esp32s3: SPI Flash Size : 2MB[0m
[0;32mI (49) boot: Enabling RNG early entropy source...[0m
[0;32mI (54) boot: Partition Table:[0m
